// Jest Snapshot v1, https://goo.gl/fbAQLP

exports[`The Menu Extra Component should render meal Extra component correctly 1`] = `
<div>
  <Grid
    divided="vertically"
  >
    <GridRow>
      <GridColumn
        width={8}
      >
        <Checkbox
          className="menu-modalextra-text"
          label="beef"
          onChange={[Function]}
          type="checkbox"
        />
      </GridColumn>
      <GridColumn
        className="menu-modalextra-qty-grid"
        width={4}
      >
        <input
          className="col-3 menu-modalextra-qty"
          defaultValue={1}
          min={1}
          onInput={[Function]}
          type="number"
        />
      </GridColumn>
      <GridColumn
        width={4}
      >
        <div
          className="menu-modalextra-text"
        >
          â‚¦
          50
        </div>
      </GridColumn>
    </GridRow>
  </Grid>
</div>
`;
