// Jest Snapshot v1, https://goo.gl/fbAQLP

exports[`The Meal Row Component should render meal row component correctly 1`] = `
<tr>
  <td>
    54
  </td>
  <td>
    gfhgh
  </td>
  <td>
    category
  </td>
  <td>
    â‚¦
    980
  </td>
  <td
    className="edit"
    onClick={[Function]}
  >
    <i
      className="far fa-edit"
    />
  </td>
  <td
    onClick={[Function]}
  >
    <i
      className="far fa-trash-alt remove"
    />
  </td>
</tr>
`;
